2026-09-05 01:08:14,383 dingtalk_stream.client INFO     open connection, url=https://api.dingtalk.com/v1.0/gateway/connections/open [stream.py:149]
2026-09-05 01:08:14,503 dingtalk_stream.client INFO     endpoint is {'endpoint': 'wss://wss-open-connection-union.dingtalk.com:443/connect', ''} [stream.py:71]
2026-09-05 01:17:41,840 dingtalk_stream.client ERROR    error processing message: 'dict' object has no attribute 'text' [stream.py:108]
2026-09-05 01:18:41,849 dingtalk_stream.client ERROR    error processing message: 'dict' object has no attribute 'text' [stream.py:108]
2026-09-05 01:19:31,089 dingtalk_stream.client ERROR    error processing message: 'dict' object has no attribute 'text' [stream.py:108]
2026-09-05 01:20:16,053 dingtalk_stream.client ERROR    error processing message: 'dict' object has no attribute 'text' [stream.py:108]
2026-09-05 01:20:31,095 dingtalk_stream.client ERROR    error processing message: 'dict' object has no attribute 'text' [stream.py:108]
2026-09-05 01:20:43,752 dingtalk_stream.client ERROR    error processing message: 'dict' object has no attribute 'text' [stream.py:108]
2026-09-05 01:21:43,609 dingtalk_stream.client ERROR    error processing message: 'dict' object has no attribute 'text' [stream.py:108]
2026-09-05 01:48:22,416 dingtalk_stream.client ERROR    [start] network exception, error=sent 1011 (internal error) keepalive ping timeout; no close frame received [stream.py:84]
2026-09-05 01:54:32,334 dingtalk_stream.client INFO     open connection, url=https://api.dingtalk.com/v1.0/gateway/connections/open [stream.py:149]
2026-09-05 01:54:32,507 dingtalk_stream.client INFO     endpoint is {'endpoint': 'wss://wss-open-connection-union.dingtalk.com:443/connect', ''} [stream.py:71]
2026-09-05 02:10:36,930 dingtalk_stream.client ERROR    [start] network exception, error=sent 1011 (internal error) keepalive ping timeout; no close frame received [stream.py:84]
2026-09-05 02:10:46,934 dingtalk_stream.client INFO     open connection, url=https://api.dingtalk.com/v1.0/gateway/connections/open [stream.py:149]
2026-09-05 02:10:47,077 dingtalk_stream.client INFO     endpoint is {'endpoint': 'wss://wss-open-connection-union.dingtalk.com:443/connect', ''} [stream.py:71]
2026-09-05 02:43:04,457 dingtalk_stream.client ERROR    [start] network exception, error=sent 1011 (internal error) keepalive ping timeout; no close frame received [stream.py:84]
2026-09-05 02:43:14,468 dingtalk_stream.client INFO     open connection, url=https://api.dingtalk.com/v1.0/gateway/connections/open [stream.py:149]
2026-09-05 02:43:14,588 dingtalk_stream.client INFO     endpoint is {'endpoint': 'wss://wss-open-connection-union.dingtalk.com:443/connect', ''} [stream.py:71]
2026-09-05 03:14:57,120 dingtalk_stream.client ERROR    [start] network exception, error=no close frame received or sent [stream.py:84]
2026-09-05 03:25:39,610 dingtalk_stream.client INFO     open connection, url=https://api.dingtalk.com/v1.0/gateway/connections/open [stream.py:149]
2026-09-05 03:25:40,393 dingtalk_stream.client INFO     endpoint is {'endpoint': 'wss://wss-open-connection-union.dingtalk.com:443/connect', ''} [stream.py:71]
2026-09-05 04:00:59,585 dingtalk_stream.client ERROR    [start] network exception, error=sent 1011 (internal error) keepalive ping timeout; no close frame received [stream.py:84]
2026-09-05 04:07:09,383 dingtalk_stream.client INFO     open connection, url=https://api.dingtalk.com/v1.0/gateway/connections/open [stream.py:149]
2026-09-05 04:07:10,077 dingtalk_stream.client INFO     endpoint is {'endpoint': 'wss://wss-open-connection-union.dingtalk.com:443/connect', ''} [stream.py:71]
2026-09-05 04:34:14,957 dingtalk_stream.client ERROR    [start] network exception, error=no close frame received or sent [stream.py:84]
2026-09-05 04:34:24,981 dingtalk_stream.client INFO     open connection, url=https://api.dingtalk.com/v1.0/gateway/connections/open [stream.py:149]
2026-09-05 04:34:25,140 dingtalk_stream.client INFO     endpoint is {'endpoint': 'wss://wss-open-connection-union.dingtalk.com:443/connect', ''} [stream.py:71]
2026-09-05 05:00:18,718 dingtalk_stream.client ERROR    [start] network exception, error=no close frame received or sent [stream.py:84]
2026-09-05 05:00:28,721 dingtalk_stream.client INFO     open connection, url=https://api.dingtalk.com/v1.0/gateway/connections/open [stream.py:149]
2026-09-05 05:00:28,856 dingtalk_stream.client INFO     endpoint is {'endpoint': 'wss://wss-open-connection-union.dingtalk.com:443/connect', ''} [stream.py:71]
2026-09-05 05:30:35,493 dingtalk_stream.client ERROR    [start] network exception, error=sent 1011 (internal error) keepalive ping timeout; no close frame received [stream.py:84]
2026-09-05 05:30:45,501 dingtalk_stream.client INFO     open connection, url=https://api.dingtalk.com/v1.0/gateway/connections/open [stream.py:149]
2026-09-05 05:30:45,634 dingtalk_stream.client INFO     endpoint is {'endpoint': 'wss://wss-open-connection-union.dingtalk.com:443/connect', ''} [stream.py:71]
2026-09-05 06:05:45,318 dingtalk_stream.client ERROR    [start] network exception, error=no close frame received or sent [stream.py:84]
2026-09-05 06:05:55,483 dingtalk_stream.client INFO     open connection, url=https://api.dingtalk.com/v1.0/gateway/connections/open [stream.py:149]
2026-09-05 06:05:55,634 dingtalk_stream.client INFO     endpoint is {'endpoint': 'wss://wss-open-connection-union.dingtalk.com:443/connect', ''} [stream.py:71]
2026-09-05 06:37:06,288 dingtalk_stream.client ERROR    [start] network exception, error=sent 1011 (internal error) keepalive ping timeout; no close frame received [stream.py:84]
2026-09-05 06:41:01,703 dingtalk_stream.client INFO     open connection, url=https://api.dingtalk.com/v1.0/gateway/connections/open [stream.py:149]
2026-09-05 06:41:02,215 dingtalk_stream.client INFO     endpoint is {'endpoint': 'wss://wss-open-connection-union.dingtalk.com:443/connect', ''} [stream.py:71]
2026-09-05 07:09:42,073 dingtalk_stream.client ERROR    [start] network exception, error=sent 1011 (internal error) keepalive ping timeout; no close frame received [stream.py:84]
2026-09-05 07:19:41,669 dingtalk_stream.client INFO     open connection, url=https://api.dingtalk.com/v1.0/gateway/connections/open [stream.py:149]
2026-09-05 07:19:42,480 dingtalk_stream.client INFO     endpoint is {'endpoint': 'wss://wss-open-connection-union.dingtalk.com:443/connect', ''} [stream.py:71]
2026-09-05 08:05:29,826 dingtalk_stream.client ERROR    [start] network exception, error=sent 1011 (internal error) keepalive ping timeout; no close frame received [stream.py:84]
2026-09-05 08:11:09,650 dingtalk_stream.client INFO     open connection, url=https://api.dingtalk.com/v1.0/gateway/connections/open [stream.py:149]
2026-09-05 08:11:10,328 dingtalk_stream.client INFO     endpoint is {'endpoint': 'wss://wss-open-connection-union.dingtalk.com:443/connect', ''} [stream.py:71]
2026-09-05 08:54:03,456 dingtalk_stream.client ERROR    [start] network exception, error=sent 1011 (internal error) keepalive ping timeout; no close frame received [stream.py:84]
2026-09-05 09:03:13,356 dingtalk_stream.client INFO     open connection, url=https://api.dingtalk.com/v1.0/gateway/connections/open [stream.py:149]
2026-09-05 09:03:14,578 dingtalk_stream.client INFO     endpoint is {'endpoint': 'wss://wss-open-connection-union.dingtalk.com:443/connect', ''} [stream.py:71]
2026-09-05 09:20:15,310 dingtalk_stream.client ERROR    [start] network exception, error=sent 1011 (internal error) keepalive ping timeout; no close frame received [stream.py:84]
2026-09-05 09:25:55,091 dingtalk_stream.client INFO     open connection, url=https://api.dingtalk.com/v1.0/gateway/connections/open [stream.py:149]
2026-09-05 09:25:55,793 dingtalk_stream.client INFO     endpoint is {'endpoint': 'wss://wss-open-connection-union.dingtalk.com:443/connect', ''} [stream.py:71]
2026-09-05 09:34:17,428 dingtalk_stream.client ERROR    [start] network exception, error=sent 1011 (internal error) keepalive ping timeout; no close frame received [stream.py:84]
2026-09-05 09:34:27,431 dingtalk_stream.client INFO     open connection, url=https://api.dingtalk.com/v1.0/gateway/connections/open [stream.py:149]
2026-09-05 09:34:27,473 dingtalk_stream.client ERROR    open connection failed, error=HTTPSConnectionPool(host='api.dingtalk.com', port=443): Max retries exceeded with url: /v1.0/gateway/connections/open (Caused by NameResolutionError("<urllib3.connection.HTTPSConnection object at 0x102bbb9d0>: Failed to resolve 'api.dingtalk.com' ([Errno 8] nodename nor servname provided, or not known)")), response.text= [stream.py:179]
2026-09-05 09:34:27,473 dingtalk_stream.client ERROR    open connection failed [stream.py:68]
2026-09-05 09:54:05,950 dingtalk_stream.client INFO     open connection, url=https://api.dingtalk.com/v1.0/gateway/connections/open [stream.py:149]
2026-09-05 09:54:05,964 dingtalk_stream.client ERROR    open connection failed, error=HTTPSConnectionPool(host='api.dingtalk.com', port=443): Max retries exceeded with url: /v1.0/gateway/connections/open (Caused by NameResolutionError("<urllib3.connection.HTTPSConnection object at 0x102bbb250>: Failed to resolve 'api.dingtalk.com' ([Errno 8] nodename nor servname provided, or not known)")), response.text= [stream.py:179]
2026-09-05 09:54:05,964 dingtalk_stream.client ERROR    open connection failed [stream.py:68]
2026-09-05 09:54:16,343 dingtalk_stream.client INFO     open connection, url=https://api.dingtalk.com/v1.0/gateway/connections/open [stream.py:149]
2026-09-05 09:54:16,916 dingtalk_stream.client INFO     endpoint is {'endpoint': 'wss://wss-open-connection-union.dingtalk.com:443/connect', ''} [stream.py:71]
2026-09-05 13:42:24,363 dingtalk_stream.client ERROR    error processing message: 'dict' object has no attribute 'text' [stream.py:108]
2026-09-05 13:43:24,351 dingtalk_stream.client ERROR    error processing message: 'dict' object has no attribute 'text' [stream.py:108]
2026-09-05 19:24:03,915 dingtalk_stream.client ERROR    [start] network exception, error=no close frame received or sent [stream.py:84]
2026-09-05 19:24:13,947 dingtalk_stream.client INFO     open connection, url=https://api.dingtalk.com/v1.0/gateway/connections/open [stream.py:149]
2026-09-05 19:24:15,043 dingtalk_stream.client ERROR    open connection failed, error=HTTPSConnectionPool(host='api.dingtalk.com', port=443): Max retries exceeded with url: /v1.0/gateway/connections/open (Caused by NameResolutionError("<urllib3.connection.HTTPSConnection object at 0x102bbb890>: Failed to resolve 'api.dingtalk.com' ([Errno 8] nodename nor servname provided, or not known)")), response.text= [stream.py:179]
2026-09-05 19:24:15,062 dingtalk_stream.client ERROR    open connection failed [stream.py:68]
2026-09-05 19:24:25,132 dingtalk_stream.client INFO     open connection, url=https://api.dingtalk.com/v1.0/gateway/connections/open [stream.py:149]
2026-09-05 19:24:25,314 dingtalk_stream.client ERROR    open connection failed, error=HTTPSConnectionPool(host='api.dingtalk.com', port=443): Max retries exceeded with url: /v1.0/gateway/connections/open (Caused by NameResolutionError("<urllib3.connection.HTTPSConnection object at 0x102bba850>: Failed to resolve 'api.dingtalk.com' ([Errno 8] nodename nor servname provided, or not known)")), response.text= [stream.py:179]
2026-09-05 19:24:25,315 dingtalk_stream.client ERROR    open connection failed [stream.py:68]
2026-09-05 19:24:35,335 dingtalk_stream.client INFO     open connection, url=https://api.dingtalk.com/v1.0/gateway/connections/open [stream.py:149]
2026-09-05 19:24:35,360 dingtalk_stream.client ERROR    open connection failed, error=HTTPSConnectionPool(host='api.dingtalk.com', port=443): Max retries exceeded with url: /v1.0/gateway/connections/open (Caused by NameResolutionError("<urllib3.connection.HTTPSConnection object at 0x102bbafd0>: Failed to resolve 'api.dingtalk.com' ([Errno 8] nodename nor servname provided, or not known)")), response.text= [stream.py:179]
2026-09-05 19:24:35,360 dingtalk_stream.client ERROR    open connection failed [stream.py:68]
2026-09-05 19:24:45,363 dingtalk_stream.client INFO     open connection, url=https://api.dingtalk.com/v1.0/gateway/connections/open [stream.py:149]
2026-09-05 19:24:45,377 dingtalk_stream.client ERROR    open connection failed, error=HTTPSConnectionPool(host='api.dingtalk.com', port=443): Max retries exceeded with url: /v1.0/gateway/connections/open (Caused by NameResolutionError("<urllib3.connection.HTTPSConnection object at 0x102bbb110>: Failed to resolve 'api.dingtalk.com' ([Errno 8] nodename nor servname provided, or not known)")), response.text= [stream.py:179]
2026-09-05 19:24:45,377 dingtalk_stream.client ERROR    open connection failed [stream.py:68]
2026-09-05 19:24:55,380 dingtalk_stream.client INFO     open connection, url=https://api.dingtalk.com/v1.0/gateway/connections/open [stream.py:149]
2026-09-05 19:24:55,414 dingtalk_stream.client ERROR    open connection failed, error=HTTPSConnectionPool(host='api.dingtalk.com', port=443): Max retries exceeded with url: /v1.0/gateway/connections/open (Caused by NameResolutionError("<urllib3.connection.HTTPSConnection object at 0x102bba710>: Failed to resolve 'api.dingtalk.com' ([Errno 8] nodename nor servname provided, or not known)")), response.text= [stream.py:179]
2026-09-05 19:24:55,415 dingtalk_stream.client ERROR    open connection failed [stream.py:68]
2026-09-05 19:40:10,280 dingtalk_stream.client INFO     open connection, url=https://api.dingtalk.com/v1.0/gateway/connections/open [stream.py:149]
2026-09-05 19:40:10,291 dingtalk_stream.client ERROR    open connection failed, error=HTTPSConnectionPool(host='api.dingtalk.com', port=443): Max retries exceeded with url: /v1.0/gateway/connections/open (Caused by NameResolutionError("<urllib3.connection.HTTPSConnection object at 0x102c911d0>: Failed to resolve 'api.dingtalk.com' ([Errno 8] nodename nor servname provided, or not known)")), response.text= [stream.py:179]
2026-09-05 19:40:10,291 dingtalk_stream.client ERROR    open connection failed [stream.py:68]
2026-09-05 20:11:52,791 dingtalk_stream.client INFO     open connection, url=https://api.dingtalk.com/v1.0/gateway/connections/open [stream.py:149]
2026-09-05 20:11:52,801 dingtalk_stream.client ERROR    open connection failed, error=HTTPSConnectionPool(host='api.dingtalk.com', port=443): Max retries exceeded with url: /v1.0/gateway/connections/open (Caused by NameResolutionError("<urllib3.connection.HTTPSConnection object at 0x102c90e10>: Failed to resolve 'api.dingtalk.com' ([Errno 8] nodename nor servname provided, or not known)")), response.text= [stream.py:179]
2026-09-05 20:11:52,801 dingtalk_stream.client ERROR    open connection failed [stream.py:68]
2026-09-05 20:27:06,585 dingtalk_stream.client INFO     open connection, url=https://api.dingtalk.com/v1.0/gateway/connections/open [stream.py:149]
2026-09-05 20:27:06,590 dingtalk_stream.client ERROR    open connection failed, error=HTTPSConnectionPool(host='api.dingtalk.com', port=443): Max retries exceeded with url: /v1.0/gateway/connections/open (Caused by NameResolutionError("<urllib3.connection.HTTPSConnection object at 0x102c90a50>: Failed to resolve 'api.dingtalk.com' ([Errno 8] nodename nor servname provided, or not known)")), response.text= [stream.py:179]
2026-09-05 20:27:06,590 dingtalk_stream.client ERROR    open connection failed [stream.py:68]
2026-09-05 20:27:16,596 dingtalk_stream.client INFO     open connection, url=https://api.dingtalk.com/v1.0/gateway/connections/open [stream.py:149]
2026-09-05 20:27:16,606 dingtalk_stream.client ERROR    open connection failed, error=HTTPSConnectionPool(host='api.dingtalk.com', port=443): Max retries exceeded with url: /v1.0/gateway/connections/open (Caused by NameResolutionError("<urllib3.connection.HTTPSConnection object at 0x102c90550>: Failed to resolve 'api.dingtalk.com' ([Errno 8] nodename nor servname provided, or not known)")), response.text= [stream.py:179]
2026-09-05 20:27:16,606 dingtalk_stream.client ERROR    open connection failed [stream.py:68]
2026-09-05 20:27:26,609 dingtalk_stream.client INFO     open connection, url=https://api.dingtalk.com/v1.0/gateway/connections/open [stream.py:149]
2026-09-05 20:27:26,616 dingtalk_stream.client ERROR    open connection failed, error=HTTPSConnectionPool(host='api.dingtalk.com', port=443): Max retries exceeded with url: /v1.0/gateway/connections/open (Caused by NameResolutionError("<urllib3.connection.HTTPSConnection object at 0x102c90690>: Failed to resolve 'api.dingtalk.com' ([Errno 8] nodename nor servname provided, or not known)")), response.text= [stream.py:179]
2026-09-05 20:27:26,616 dingtalk_stream.client ERROR    open connection failed [stream.py:68]
2026-09-05 20:42:56,767 dingtalk_stream.client INFO     open connection, url=https://api.dingtalk.com/v1.0/gateway/connections/open [stream.py:149]
2026-09-05 20:42:56,772 dingtalk_stream.client ERROR    open connection failed, error=HTTPSConnectionPool(host='api.dingtalk.com', port=443): Max retries exceeded with url: /v1.0/gateway/connections/open (Caused by NameResolutionError("<urllib3.connection.HTTPSConnection object at 0x102c91590>: Failed to resolve 'api.dingtalk.com' ([Errno 8] nodename nor servname provided, or not known)")), response.text= [stream.py:179]
2026-09-05 20:42:56,772 dingtalk_stream.client ERROR    open connection failed [stream.py:68]
2026-09-05 21:05:51,350 dingtalk_stream.client INFO     open connection, url=https://api.dingtalk.com/v1.0/gateway/connections/open [stream.py:149]
2026-09-05 21:05:51,355 dingtalk_stream.client ERROR    open connection failed, error=HTTPSConnectionPool(host='api.dingtalk.com', port=443): Max retries exceeded with url: /v1.0/gateway/connections/open (Caused by NameResolutionError("<urllib3.connection.HTTPSConnection object at 0x102c91950>: Failed to resolve 'api.dingtalk.com' ([Errno 8] nodename nor servname provided, or not known)")), response.text= [stream.py:179]
2026-09-05 21:05:51,356 dingtalk_stream.client ERROR    open connection failed [stream.py:68]
2026-09-05 21:38:31,264 dingtalk_stream.client INFO     open connection, url=https://api.dingtalk.com/v1.0/gateway/connections/open [stream.py:149]
2026-09-05 21:38:31,270 dingtalk_stream.client ERROR    open connection failed, error=HTTPSConnectionPool(host='api.dingtalk.com', port=443): Max retries exceeded with url: /v1.0/gateway/connections/open (Caused by NameResolutionError("<urllib3.connection.HTTPSConnection object at 0x102c91d10>: Failed to resolve 'api.dingtalk.com' ([Errno 8] nodename nor servname provided, or not known)")), response.text= [stream.py:179]
2026-09-05 21:38:31,270 dingtalk_stream.client ERROR    open connection failed [stream.py:68]
2026-09-05 21:38:41,273 dingtalk_stream.client INFO     open connection, url=https://api.dingtalk.com/v1.0/gateway/connections/open [stream.py:149]
2026-09-05 21:38:41,296 dingtalk_stream.client ERROR    open connection failed, error=HTTPSConnectionPool(host='api.dingtalk.com', port=443): Max retries exceeded with url: /v1.0/gateway/connections/open (Caused by NameResolutionError("<urllib3.connection.HTTPSConnection object at 0x102c920d0>: Failed to resolve 'api.dingtalk.com' ([Errno 8] nodename nor servname provided, or not known)")), response.text= [stream.py:179]
2026-09-05 21:38:41,296 dingtalk_stream.client ERROR    open connection failed [stream.py:68]
2026-09-05 21:38:51,298 dingtalk_stream.client INFO     open connection, url=https://api.dingtalk.com/v1.0/gateway/connections/open [stream.py:149]
2026-09-05 21:38:51,302 dingtalk_stream.client ERROR    open connection failed, error=HTTPSConnectionPool(host='api.dingtalk.com', port=443): Max retries exceeded with url: /v1.0/gateway/connections/open (Caused by NameResolutionError("<urllib3.connection.HTTPSConnection object at 0x102bba710>: Failed to resolve 'api.dingtalk.com' ([Errno 8] nodename nor servname provided, or not known)")), response.text= [stream.py:179]
2026-09-05 21:38:51,302 dingtalk_stream.client ERROR    open connection failed [stream.py:68]
2026-09-05 21:55:09,558 dingtalk_stream.client INFO     open connection, url=https://api.dingtalk.com/v1.0/gateway/connections/open [stream.py:149]
2026-09-05 21:55:09,613 dingtalk_stream.client ERROR    open connection failed, error=HTTPSConnectionPool(host='api.dingtalk.com', port=443): Max retries exceeded with url: /v1.0/gateway/connections/open (Caused by NameResolutionError("<urllib3.connection.HTTPSConnection object at 0x102bbb110>: Failed to resolve 'api.dingtalk.com' ([Errno 8] nodename nor servname provided, or not known)")), response.text= [stream.py:179]
2026-09-05 21:55:09,613 dingtalk_stream.client ERROR    open connection failed [stream.py:68]
2026-09-05 22:06:52,408 dingtalk_stream.client INFO     open connection, url=https://api.dingtalk.com/v1.0/gateway/connections/open [stream.py:149]
2026-09-05 22:06:52,417 dingtalk_stream.client ERROR    open connection failed, error=HTTPSConnectionPool(host='api.dingtalk.com', port=443): Max retries exceeded with url: /v1.0/gateway/connections/open (Caused by NameResolutionError("<urllib3.connection.HTTPSConnection object at 0x102bbafd0>: Failed to resolve 'api.dingtalk.com' ([Errno 8] nodename nor servname provided, or not known)")), response.text= [stream.py:179]
2026-09-05 22:06:52,417 dingtalk_stream.client ERROR    open connection failed [stream.py:68]
2026-09-05 22:40:53,500 dingtalk_stream.client INFO     open connection, url=https://api.dingtalk.com/v1.0/gateway/connections/open [stream.py:149]
2026-09-05 22:40:53,507 dingtalk_stream.client ERROR    open connection failed, error=HTTPSConnectionPool(host='api.dingtalk.com', port=443): Max retries exceeded with url: /v1.0/gateway/connections/open (Caused by NameResolutionError("<urllib3.connection.HTTPSConnection object at 0x102bba850>: Failed to resolve 'api.dingtalk.com' ([Errno 8] nodename nor servname provided, or not known)")), response.text= [stream.py:179]
2026-09-05 22:40:53,507 dingtalk_stream.client ERROR    open connection failed [stream.py:68]
2026-09-05 22:41:03,517 dingtalk_stream.client INFO     open connection, url=https://api.dingtalk.com/v1.0/gateway/connections/open [stream.py:149]
2026-09-05 22:41:03,587 dingtalk_stream.client ERROR    open connection failed, error=HTTPSConnectionPool(host='api.dingtalk.com', port=443): Max retries exceeded with url: /v1.0/gateway/connections/open (Caused by NameResolutionError("<urllib3.connection.HTTPSConnection object at 0x102bbb890>: Failed to resolve 'api.dingtalk.com' ([Errno 8] nodename nor servname provided, or not known)")), response.text= [stream.py:179]
2026-09-05 22:41:03,588 dingtalk_stream.client ERROR    open connection failed [stream.py:68]
2026-09-05 22:41:13,590 dingtalk_stream.client INFO     open connection, url=https://api.dingtalk.com/v1.0/gateway/connections/open [stream.py:149]
2026-09-05 22:41:13,595 dingtalk_stream.client ERROR    open connection failed, error=HTTPSConnectionPool(host='api.dingtalk.com', port=443): Max retries exceeded with url: /v1.0/gateway/connections/open (Caused by NameResolutionError("<urllib3.connection.HTTPSConnection object at 0x102bbb250>: Failed to resolve 'api.dingtalk.com' ([Errno 8] nodename nor servname provided, or not known)")), response.text= [stream.py:179]
2026-09-05 22:41:13,595 dingtalk_stream.client ERROR    open connection failed [stream.py:68]
2026-09-05 22:58:15,862 dingtalk_stream.client INFO     open connection, url=https://api.dingtalk.com/v1.0/gateway/connections/open [stream.py:149]
2026-09-05 22:58:15,866 dingtalk_stream.client ERROR    open connection failed, error=HTTPSConnectionPool(host='api.dingtalk.com', port=443): Max retries exceeded with url: /v1.0/gateway/connections/open (Caused by NameResolutionError("<urllib3.connection.HTTPSConnection object at 0x102bbb9d0>: Failed to resolve 'api.dingtalk.com' ([Errno 8] nodename nor servname provided, or not known)")), response.text= [stream.py:179]
2026-09-05 22:58:15,866 dingtalk_stream.client ERROR    open connection failed [stream.py:68]
2026-09-05 23:06:24,887 dingtalk_stream.client INFO     open connection, url=https://api.dingtalk.com/v1.0/gateway/connections/open [stream.py:149]
2026-09-05 23:06:26,171 dingtalk_stream.client INFO     endpoint is {'endpoint': 'wss://wss-open-connection-union.dingtalk.com:443/connect', ''} [stream.py:71]
2026-09-05 23:47:09,289 dingtalk_stream.client ERROR    [start] network exception, error=no close frame received or sent [stream.py:84]
2026-09-05 23:47:19,445 dingtalk_stream.client INFO     open connection, url=https://api.dingtalk.com/v1.0/gateway/connections/open [stream.py:149]
2026-09-05 23:47:19,843 dingtalk_stream.client INFO     endpoint is {'endpoint': 'wss://wss-open-connection-union.dingtalk.com:443/connect', ''} [stream.py:71]
2026-09-05 23:59:20,799 dingtalk_stream.client ERROR    [start] network exception, error=sent 1011 (internal error) keepalive ping timeout; no close frame received [stream.py:84]
2026-09-05 23:59:30,803 dingtalk_stream.client INFO     open connection, url=https://api.dingtalk.com/v1.0/gateway/connections/open [stream.py:149]
2026-09-05 23:59:31,075 dingtalk_stream.client INFO     endpoint is {'endpoint': 'wss://wss-open-connection-union.dingtalk.com:443/connect', ''} [stream.py:71]
2026-09-06 00:19:09,591 dingtalk_stream.client ERROR    [start] network exception, error=no close frame received or sent [stream.py:84]
2026-09-06 00:19:19,590 dingtalk_stream.client INFO     open connection, url=https://api.dingtalk.com/v1.0/gateway/connections/open [stream.py:149]
2026-09-06 00:19:19,745 dingtalk_stream.client INFO     endpoint is {'endpoint': 'wss://wss-open-connection-union.dingtalk.com:443/connect', ''} [stream.py:71]
2026-09-06 01:05:49,621 dingtalk_stream.client ERROR    [start] network exception, error=no close frame received or sent [stream.py:84]
2026-09-06 01:19:59,440 dingtalk_stream.client INFO     open connection, url=https://api.dingtalk.com/v1.0/gateway/connections/open [stream.py:149]
2026-09-06 01:20:01,731 dingtalk_stream.client INFO     endpoint is {'endpoint': 'wss://wss-open-connection-union.dingtalk.com:443/connect', ''} [stream.py:71]
2026-09-06 02:01:43,021 dingtalk_stream.client ERROR    [start] network exception, error=sent 1011 (internal error) keepalive ping timeout; no close frame received [stream.py:84]
2026-09-06 02:03:16,391 dingtalk_stream.client INFO     open connection, url=https://api.dingtalk.com/v1.0/gateway/connections/open [stream.py:149]
2026-09-06 02:03:16,602 dingtalk_stream.client INFO     endpoint is {'endpoint': 'wss://wss-open-connection-union.dingtalk.com:443/connect', ''} [stream.py:71]
2026-09-06 02:29:21,236 dingtalk_stream.client ERROR    [start] network exception, error=no close frame received or sent [stream.py:84]
2026-09-06 02:29:31,777 dingtalk_stream.client INFO     open connection, url=https://api.dingtalk.com/v1.0/gateway/connections/open [stream.py:149]
2026-09-06 02:29:31,999 dingtalk_stream.client INFO     endpoint is {'endpoint': 'wss://wss-open-connection-union.dingtalk.com:443/connect', ''} [stream.py:71]
2026-09-06 03:11:25,849 dingtalk_stream.client ERROR    [start] network exception, error=no close frame received or sent [stream.py:84]
2026-09-06 03:12:00,517 dingtalk_stream.client INFO     open connection, url=https://api.dingtalk.com/v1.0/gateway/connections/open [stream.py:149]
2026-09-06 06:47:57,295 dingtalk_stream.client ERROR    open connection failed, error=HTTPSConnectionPool(host='api.dingtalk.com', port=443): Max retries exceeded with url: /v1.0/gateway/connections/open (Caused by ProxyError('Unable to connect to proxy', RemoteDisconnected('Remote end closed connection without response'))), response.text= [stream.py:179]
2026-09-06 06:47:57,296 dingtalk_stream.client ERROR    open connection failed [stream.py:68]
2026-09-06 06:48:07,295 dingtalk_stream.client INFO     open connection, url=https://api.dingtalk.com/v1.0/gateway/connections/open [stream.py:149]
2026-09-06 06:48:08,366 dingtalk_stream.client INFO     endpoint is {'endpoint': 'wss://wss-open-connection-union.dingtalk.com:443/connect', ''} [stream.py:71]
2026-09-06 07:17:34,282 dingtalk_stream.client ERROR    [start] network exception, error=sent 1011 (internal error) keepalive ping timeout; no close frame received [stream.py:84]
2026-09-06 07:25:14,111 dingtalk_stream.client INFO     open connection, url=https://api.dingtalk.com/v1.0/gateway/connections/open [stream.py:149]
2026-09-06 07:25:14,276 dingtalk_stream.client INFO     endpoint is {'endpoint': 'wss://wss-open-connection-union.dingtalk.com:443/connect', ''} [stream.py:71]
2026-09-06 07:49:51,710 dingtalk_stream.client ERROR    [start] network exception, error=sent 1011 (internal error) keepalive ping timeout; no close frame received [stream.py:84]
2026-09-06 07:54:31,632 dingtalk_stream.client INFO     open connection, url=https://api.dingtalk.com/v1.0/gateway/connections/open [stream.py:149]
2026-09-06 07:54:31,909 dingtalk_stream.client INFO     endpoint is {'endpoint': 'wss://wss-open-connection-union.dingtalk.com:443/connect', ''} [stream.py:71]
2026-09-06 08:24:50,883 dingtalk_stream.client ERROR    [start] network exception, error=sent 1011 (internal error) keepalive ping timeout; no close frame received [stream.py:84]
2026-09-06 08:25:00,886 dingtalk_stream.client INFO     open connection, url=https://api.dingtalk.com/v1.0/gateway/connections/open [stream.py:149]
2026-09-06 08:25:01,943 dingtalk_stream.client INFO     endpoint is {'endpoint': 'wss://wss-open-connection-union.dingtalk.com:443/connect', ''} [stream.py:71]
2026-09-06 09:57:31,649 dingtalk_stream.client ERROR    [start] network exception, error=no close frame received or sent [stream.py:84]
2026-09-06 09:57:41,658 dingtalk_stream.client INFO     open connection, url=https://api.dingtalk.com/v1.0/gateway/connections/open [stream.py:149]
2026-09-06 09:57:41,857 dingtalk_stream.client INFO     endpoint is {'endpoint': 'wss://wss-open-connection-union.dingtalk.com:443/connect', ''} [stream.py:71]
2026-09-06 19:05:40,724 dingtalk_stream.client ERROR    [start] network exception, error=no close frame received or sent [stream.py:84]
2026-09-06 19:05:50,727 dingtalk_stream.client INFO     open connection, url=https://api.dingtalk.com/v1.0/gateway/connections/open [stream.py:149]
2026-09-06 19:05:50,731 dingtalk_stream.client ERROR    open connection failed, error=HTTPSConnectionPool(host='api.dingtalk.com', port=443): Max retries exceeded with url: /v1.0/gateway/connections/open (Caused by NameResolutionError("<urllib3.connection.HTTPSConnection object at 0x102bbb750>: Failed to resolve 'api.dingtalk.com' ([Errno 8] nodename nor servname provided, or not known)")), response.text= [stream.py:179]
2026-09-06 19:05:50,731 dingtalk_stream.client ERROR    open connection failed [stream.py:68]
